Archive member included because of file (symbol)

c:/users/hp/downloads/imt_sdk_win_64/imt_sdk_win_64/winavr/bin/../lib/gcc/avr/4.3.3/avr5\libgcc.a(_udivmodhi4.o)
                              ./HAL/SEG_KIT/SEG_KIT_prog.o (__udivmodhi4)
c:/users/hp/downloads/imt_sdk_win_64/imt_sdk_win_64/winavr/bin/../lib/gcc/avr/4.3.3/avr5\libgcc.a(_udivmodsi4.o)
                              ./HAL/LCD_KIT/LCD_KIT_prog.o (__udivmodsi4)
c:/users/hp/downloads/imt_sdk_win_64/imt_sdk_win_64/winavr/bin/../lib/gcc/avr/4.3.3/avr5\libgcc.a(_divmodsi4.o)
                              ./MCAL/Timer1/Timer1_prog.o (__divmodsi4)
c:/users/hp/downloads/imt_sdk_win_64/imt_sdk_win_64/winavr/bin/../lib/gcc/avr/4.3.3/avr5\libgcc.a(_exit.o)
                              c:/users/hp/downloads/imt_sdk_win_64/imt_sdk_win_64/winavr/bin/../lib/gcc/avr/4.3.3/../../../../avr/lib/avr5/crtm32.o (exit)
c:/users/hp/downloads/imt_sdk_win_64/imt_sdk_win_64/winavr/bin/../lib/gcc/avr/4.3.3/avr5\libgcc.a(_copy_data.o)
                              ./APP/main.o (__do_copy_data)
c:/users/hp/downloads/imt_sdk_win_64/imt_sdk_win_64/winavr/bin/../lib/gcc/avr/4.3.3/avr5\libgcc.a(_clear_bss.o)
                              ./MCAL/USART/USART_prog.o (__do_clear_bss)
c:/users/hp/downloads/imt_sdk_win_64/imt_sdk_win_64/winavr/bin/../lib/gcc/avr/4.3.3/avr5\libgcc.a(_fixunssfsi.o)
                              ./MCAL/Timer1/Timer1_prog.o (__fixunssfsi)
c:/users/hp/downloads/imt_sdk_win_64/imt_sdk_win_64/winavr/bin/../lib/gcc/avr/4.3.3/avr5\libgcc.a(_addsub_sf.o)
                              c:/users/hp/downloads/imt_sdk_win_64/imt_sdk_win_64/winavr/bin/../lib/gcc/avr/4.3.3/avr5\libgcc.a(_fixunssfsi.o) (__subsf3)
c:/users/hp/downloads/imt_sdk_win_64/imt_sdk_win_64/winavr/bin/../lib/gcc/avr/4.3.3/avr5\libgcc.a(_mul_sf.o)
                              ./MCAL/Timer1/Timer1_prog.o (__mulsf3)
c:/users/hp/downloads/imt_sdk_win_64/imt_sdk_win_64/winavr/bin/../lib/gcc/avr/4.3.3/avr5\libgcc.a(_div_sf.o)
                              ./MCAL/Timer1/Timer1_prog.o (__divsf3)
c:/users/hp/downloads/imt_sdk_win_64/imt_sdk_win_64/winavr/bin/../lib/gcc/avr/4.3.3/avr5\libgcc.a(_ge_sf.o)
                              c:/users/hp/downloads/imt_sdk_win_64/imt_sdk_win_64/winavr/bin/../lib/gcc/avr/4.3.3/avr5\libgcc.a(_fixunssfsi.o) (__gesf2)
c:/users/hp/downloads/imt_sdk_win_64/imt_sdk_win_64/winavr/bin/../lib/gcc/avr/4.3.3/avr5\libgcc.a(_sf_to_si.o)
                              c:/users/hp/downloads/imt_sdk_win_64/imt_sdk_win_64/winavr/bin/../lib/gcc/avr/4.3.3/avr5\libgcc.a(_fixunssfsi.o) (__fixsfsi)
c:/users/hp/downloads/imt_sdk_win_64/imt_sdk_win_64/winavr/bin/../lib/gcc/avr/4.3.3/avr5\libgcc.a(_thenan_sf.o)
                              c:/users/hp/downloads/imt_sdk_win_64/imt_sdk_win_64/winavr/bin/../lib/gcc/avr/4.3.3/avr5\libgcc.a(_addsub_sf.o) (__thenan_sf)
c:/users/hp/downloads/imt_sdk_win_64/imt_sdk_win_64/winavr/bin/../lib/gcc/avr/4.3.3/avr5\libgcc.a(_usi_to_sf.o)
                              ./MCAL/Timer1/Timer1_prog.o (__floatunsisf)
c:/users/hp/downloads/imt_sdk_win_64/imt_sdk_win_64/winavr/bin/../lib/gcc/avr/4.3.3/avr5\libgcc.a(_prologue.o)
                              c:/users/hp/downloads/imt_sdk_win_64/imt_sdk_win_64/winavr/bin/../lib/gcc/avr/4.3.3/avr5\libgcc.a(_addsub_sf.o) (__prologue_saves__)
c:/users/hp/downloads/imt_sdk_win_64/imt_sdk_win_64/winavr/bin/../lib/gcc/avr/4.3.3/avr5\libgcc.a(_epilogue.o)
                              c:/users/hp/downloads/imt_sdk_win_64/imt_sdk_win_64/winavr/bin/../lib/gcc/avr/4.3.3/avr5\libgcc.a(_addsub_sf.o) (__epilogue_restores__)
c:/users/hp/downloads/imt_sdk_win_64/imt_sdk_win_64/winavr/bin/../lib/gcc/avr/4.3.3/avr5\libgcc.a(_clzsi2.o)
                              c:/users/hp/downloads/imt_sdk_win_64/imt_sdk_win_64/winavr/bin/../lib/gcc/avr/4.3.3/avr5\libgcc.a(_usi_to_sf.o) (__clzsi2)
c:/users/hp/downloads/imt_sdk_win_64/imt_sdk_win_64/winavr/bin/../lib/gcc/avr/4.3.3/avr5\libgcc.a(_pack_sf.o)
                              c:/users/hp/downloads/imt_sdk_win_64/imt_sdk_win_64/winavr/bin/../lib/gcc/avr/4.3.3/avr5\libgcc.a(_addsub_sf.o) (__pack_f)
c:/users/hp/downloads/imt_sdk_win_64/imt_sdk_win_64/winavr/bin/../lib/gcc/avr/4.3.3/avr5\libgcc.a(_unpack_sf.o)
                              c:/users/hp/downloads/imt_sdk_win_64/imt_sdk_win_64/winavr/bin/../lib/gcc/avr/4.3.3/avr5\libgcc.a(_addsub_sf.o) (__unpack_f)
c:/users/hp/downloads/imt_sdk_win_64/imt_sdk_win_64/winavr/bin/../lib/gcc/avr/4.3.3/avr5\libgcc.a(_fpcmp_parts_sf.o)
                              c:/users/hp/downloads/imt_sdk_win_64/imt_sdk_win_64/winavr/bin/../lib/gcc/avr/4.3.3/avr5\libgcc.a(_ge_sf.o) (__fpcmp_parts_f)
c:/users/hp/downloads/imt_sdk_win_64/imt_sdk_win_64/winavr/bin/../lib/gcc/avr/4.3.3/avr5\libgcc.a(_clz.o)
                              c:/users/hp/downloads/imt_sdk_win_64/imt_sdk_win_64/winavr/bin/../lib/gcc/avr/4.3.3/avr5\libgcc.a(_clzsi2.o) (__clz_tab)

Allocating common symbols
Common symbol       size              file

Return              0x1               ./APP/main.o

Memory Configuration

Name             Origin             Length             Attributes
text             0x00000000         0x00020000         xr
data             0x00800060         0x0000ffa0         rw !x
eeprom           0x00810000         0x00010000         rw !x
fuse             0x00820000         0x00000400         rw !x
lock             0x00830000         0x00000400         rw !x
signature        0x00840000         0x00000400         rw !x
*default*        0x00000000         0xffffffff

Linker script and memory map

LOAD c:/users/hp/downloads/imt_sdk_win_64/imt_sdk_win_64/winavr/bin/../lib/gcc/avr/4.3.3/../../../../avr/lib/avr5/crtm32.o
LOAD ./MCAL/USART/USART_prog.o
LOAD ./MCAL/Timer1/Timer1_prog.o
LOAD ./MCAL/Timer0/Timer0_prog.o
LOAD ./MCAL/SPI/SPI_prog.o
LOAD ./MCAL/I2C/I2C_prog.o
LOAD ./MCAL/GIE/GIE_prog.o
LOAD ./MCAL/EXT_INT/EXT_INT_prog.o
LOAD ./MCAL/DIO/DIO_prog.o
LOAD ./MCAL/ADC/ADC_prog.o
LOAD ./HAL/SEG_KIT/SEG_KIT_prog.o
LOAD ./HAL/LCD_KIT/LCD_KIT_prog.o
LOAD ./HAL/KEYBAD/KEYBAD_prog.o
LOAD ./HAL/7SEG/7SEG_prog.o
LOAD ./APP/main.o
LOAD c:/users/hp/downloads/imt_sdk_win_64/imt_sdk_win_64/winavr/bin/../lib/gcc/avr/4.3.3/avr5\libgcc.a
LOAD c:/users/hp/downloads/imt_sdk_win_64/imt_sdk_win_64/winavr/bin/../lib/gcc/avr/4.3.3/../../../../avr/lib/avr5\libc.a
LOAD c:/users/hp/downloads/imt_sdk_win_64/imt_sdk_win_64/winavr/bin/../lib/gcc/avr/4.3.3/avr5\libgcc.a

.hash
 *(.hash)

.dynsym
 *(.dynsym)

.dynstr
 *(.dynstr)

.gnu.version
 *(.gnu.version)

.gnu.version_d
 *(.gnu.version_d)

.gnu.version_r
 *(.gnu.version_r)

.rel.init
 *(.rel.init)

.rela.init
 *(.rela.init)

.rel.text
 *(.rel.text)
 *(.rel.text.*)
 *(.rel.gnu.linkonce.t*)

.rela.text
 *(.rela.text)
 *(.rela.text.*)
 *(.rela.gnu.linkonce.t*)

.rel.fini
 *(.rel.fini)

.rela.fini
 *(.rela.fini)

.rel.rodata
 *(.rel.rodata)
 *(.rel.rodata.*)
 *(.rel.gnu.linkonce.r*)

.rela.rodata
 *(.rela.rodata)
 *(.rela.rodata.*)
 *(.rela.gnu.linkonce.r*)

.rel.data
 *(.rel.data)
 *(.rel.data.*)
 *(.rel.gnu.linkonce.d*)

.rela.data
 *(.rela.data)
 *(.rela.data.*)
 *(.rela.gnu.linkonce.d*)

.rel.ctors
 *(.rel.ctors)

.rela.ctors
 *(.rela.ctors)

.rel.dtors
 *(.rel.dtors)

.rela.dtors
 *(.rela.dtors)

.rel.got
 *(.rel.got)

.rela.got
 *(.rela.got)

.rel.bss
 *(.rel.bss)

.rela.bss
 *(.rela.bss)

.rel.plt
 *(.rel.plt)

.rela.plt
 *(.rela.plt)

.text           0x00000000     0x2362
 *(.vectors)
 .vectors       0x00000000       0x54 c:/users/hp/downloads/imt_sdk_win_64/imt_sdk_win_64/winavr/bin/../lib/gcc/avr/4.3.3/../../../../avr/lib/avr5/crtm32.o
                0x00000000                __vectors
                0x00000000                __vector_default
 *(.vectors)
 *(.progmem.gcc*)
 *(.progmem*)
                0x00000054                . = ALIGN (0x2)
                0x00000054                __trampolines_start = .
 *(.trampolines)
 .trampolines   0x00000054        0x0 linker stubs
 *(.trampolines*)
                0x00000054                __trampolines_end = .
 *(.jumptables)
 *(.jumptables*)
 *(.lowtext)
 *(.lowtext*)
                0x00000054                __ctors_start = .
 *(.ctors)
                0x00000054                __ctors_end = .
                0x00000054                __dtors_start = .
 *(.dtors)
                0x00000054                __dtors_end = .
 SORT(*)(.ctors)
 SORT(*)(.dtors)
 *(.init0)
 .init0         0x00000054        0x0 c:/users/hp/downloads/imt_sdk_win_64/imt_sdk_win_64/winavr/bin/../lib/gcc/avr/4.3.3/../../../../avr/lib/avr5/crtm32.o
                0x00000054                __init
 *(.init0)
 *(.init1)
 *(.init1)
 *(.init2)
 .init2         0x00000054        0xc c:/users/hp/downloads/imt_sdk_win_64/imt_sdk_win_64/winavr/bin/../lib/gcc/avr/4.3.3/../../../../avr/lib/avr5/crtm32.o
 *(.init2)
 *(.init3)
 *(.init3)
 *(.init4)
 .init4         0x00000060       0x16 c:/users/hp/downloads/imt_sdk_win_64/imt_sdk_win_64/winavr/bin/../lib/gcc/avr/4.3.3/avr5\libgcc.a(_copy_data.o)
                0x00000060                __do_copy_data
 .init4         0x00000076       0x10 c:/users/hp/downloads/imt_sdk_win_64/imt_sdk_win_64/winavr/bin/../lib/gcc/avr/4.3.3/avr5\libgcc.a(_clear_bss.o)
                0x00000076                __do_clear_bss
 *(.init4)
 *(.init5)
 *(.init5)
 *(.init6)
 *(.init6)
 *(.init7)
 *(.init7)
 *(.init8)
 *(.init8)
 *(.init9)
 .init9         0x00000086        0x8 c:/users/hp/downloads/imt_sdk_win_64/imt_sdk_win_64/winavr/bin/../lib/gcc/avr/4.3.3/../../../../avr/lib/avr5/crtm32.o
 *(.init9)
 *(.text)
 .text          0x0000008e        0x4 c:/users/hp/downloads/imt_sdk_win_64/imt_sdk_win_64/winavr/bin/../lib/gcc/avr/4.3.3/../../../../avr/lib/avr5/crtm32.o
                0x0000008e                __vector_1
                0x0000008e                __bad_interrupt
                0x0000008e                __vector_3
                0x0000008e                __vector_17
                0x0000008e                __vector_19
                0x0000008e                __vector_7
                0x0000008e                __vector_5
                0x0000008e                __vector_4
                0x0000008e                __vector_8
                0x0000008e                __vector_14
                0x0000008e                __vector_18
                0x0000008e                __vector_20
 .text          0x00000092        0x0 ./MCAL/USART/USART_prog.o
 .text          0x00000092        0x0 ./MCAL/Timer1/Timer1_prog.o
 .text          0x00000092        0x0 ./MCAL/Timer0/Timer0_prog.o
 .text          0x00000092        0x0 ./MCAL/SPI/SPI_prog.o
 .text          0x00000092        0x0 ./MCAL/I2C/I2C_prog.o
 .text          0x00000092        0x0 ./MCAL/GIE/GIE_prog.o
 .text          0x00000092        0x0 ./MCAL/EXT_INT/EXT_INT_prog.o
 .text          0x00000092        0x0 ./MCAL/DIO/DIO_prog.o
 .text          0x00000092        0x0 ./MCAL/ADC/ADC_prog.o
 .text          0x00000092        0x0 ./HAL/SEG_KIT/SEG_KIT_prog.o
 .text          0x00000092        0x0 ./HAL/LCD_KIT/LCD_KIT_prog.o
 .text          0x00000092        0x0 ./HAL/KEYBAD/KEYBAD_prog.o
 .text          0x00000092        0x0 ./HAL/7SEG/7SEG_prog.o
 .text          0x00000092        0x0 ./APP/main.o
 .text          0x00000092        0x0 c:/users/hp/downloads/imt_sdk_win_64/imt_sdk_win_64/winavr/bin/../lib/gcc/avr/4.3.3/avr5\libgcc.a(_udivmodhi4.o)
 .text          0x00000092        0x0 c:/users/hp/downloads/imt_sdk_win_64/imt_sdk_win_64/winavr/bin/../lib/gcc/avr/4.3.3/avr5\libgcc.a(_udivmodsi4.o)
 .text          0x00000092        0x0 c:/users/hp/downloads/imt_sdk_win_64/imt_sdk_win_64/winavr/bin/../lib/gcc/avr/4.3.3/avr5\libgcc.a(_divmodsi4.o)
 .text          0x00000092        0x0 c:/users/hp/downloads/imt_sdk_win_64/imt_sdk_win_64/winavr/bin/../lib/gcc/avr/4.3.3/avr5\libgcc.a(_exit.o)
 .text          0x00000092        0x0 c:/users/hp/downloads/imt_sdk_win_64/imt_sdk_win_64/winavr/bin/../lib/gcc/avr/4.3.3/avr5\libgcc.a(_copy_data.o)
 .text          0x00000092        0x0 c:/users/hp/downloads/imt_sdk_win_64/imt_sdk_win_64/winavr/bin/../lib/gcc/avr/4.3.3/avr5\libgcc.a(_clear_bss.o)
 .text          0x00000092       0x58 c:/users/hp/downloads/imt_sdk_win_64/imt_sdk_win_64/winavr/bin/../lib/gcc/avr/4.3.3/avr5\libgcc.a(_fixunssfsi.o)
                0x00000092                __fixunssfsi
 .text          0x000000ea      0x354 c:/users/hp/downloads/imt_sdk_win_64/imt_sdk_win_64/winavr/bin/../lib/gcc/avr/4.3.3/avr5\libgcc.a(_addsub_sf.o)
                0x00000382                __subsf3
                0x000003e4                __addsf3
 .text          0x0000043e      0x1f4 c:/users/hp/downloads/imt_sdk_win_64/imt_sdk_win_64/winavr/bin/../lib/gcc/avr/4.3.3/avr5\libgcc.a(_mul_sf.o)
                0x0000043e                __mulsf3
 .text          0x00000632      0x158 c:/users/hp/downloads/imt_sdk_win_64/imt_sdk_win_64/winavr/bin/../lib/gcc/avr/4.3.3/avr5\libgcc.a(_div_sf.o)
                0x00000632                __divsf3
 .text          0x0000078a       0x60 c:/users/hp/downloads/imt_sdk_win_64/imt_sdk_win_64/winavr/bin/../lib/gcc/avr/4.3.3/avr5\libgcc.a(_ge_sf.o)
                0x0000078a                __gesf2
 .text          0x000007ea       0xa8 c:/users/hp/downloads/imt_sdk_win_64/imt_sdk_win_64/winavr/bin/../lib/gcc/avr/4.3.3/avr5\libgcc.a(_sf_to_si.o)
                0x000007ea                __fixsfsi
 .text          0x00000892        0x0 c:/users/hp/downloads/imt_sdk_win_64/imt_sdk_win_64/winavr/bin/../lib/gcc/avr/4.3.3/avr5\libgcc.a(_thenan_sf.o)
 .text          0x00000892       0xf2 c:/users/hp/downloads/imt_sdk_win_64/imt_sdk_win_64/winavr/bin/../lib/gcc/avr/4.3.3/avr5\libgcc.a(_usi_to_sf.o)
                0x00000892                __floatunsisf
 .text          0x00000984        0x0 c:/users/hp/downloads/imt_sdk_win_64/imt_sdk_win_64/winavr/bin/../lib/gcc/avr/4.3.3/avr5\libgcc.a(_prologue.o)
 .text          0x00000984        0x0 c:/users/hp/downloads/imt_sdk_win_64/imt_sdk_win_64/winavr/bin/../lib/gcc/avr/4.3.3/avr5\libgcc.a(_epilogue.o)
 .text          0x00000984       0x9e c:/users/hp/downloads/imt_sdk_win_64/imt_sdk_win_64/winavr/bin/../lib/gcc/avr/4.3.3/avr5\libgcc.a(_clzsi2.o)
                0x00000984                __clzsi2
 .text          0x00000a22      0x1aa c:/users/hp/downloads/imt_sdk_win_64/imt_sdk_win_64/winavr/bin/../lib/gcc/avr/4.3.3/avr5\libgcc.a(_pack_sf.o)
                0x00000a22                __pack_f
 .text          0x00000bcc       0xf0 c:/users/hp/downloads/imt_sdk_win_64/imt_sdk_win_64/winavr/bin/../lib/gcc/avr/4.3.3/avr5\libgcc.a(_unpack_sf.o)
                0x00000bcc                __unpack_f
 .text          0x00000cbc       0xb2 c:/users/hp/downloads/imt_sdk_win_64/imt_sdk_win_64/winavr/bin/../lib/gcc/avr/4.3.3/avr5\libgcc.a(_fpcmp_parts_sf.o)
                0x00000cbc                __fpcmp_parts_f
 .text          0x00000d6e        0x0 c:/users/hp/downloads/imt_sdk_win_64/imt_sdk_win_64/winavr/bin/../lib/gcc/avr/4.3.3/avr5\libgcc.a(_clz.o)
                0x00000d6e                . = ALIGN (0x2)
 *(.text.*)
 .text.USART_voidInitialization
                0x00000d6e       0x14 ./MCAL/USART/USART_prog.o
                0x00000d6e                USART_voidInitialization
 .text.USART_voidSendData_Polling
                0x00000d82        0x8 ./MCAL/USART/USART_prog.o
                0x00000d82                USART_voidSendData_Polling
 .text.USART_voidSendString_Polling
                0x00000d8a       0x1a ./MCAL/USART/USART_prog.o
                0x00000d8a                USART_voidSendString_Polling
 .text.USART_u8RecieveData_Polling
                0x00000da4        0x8 ./MCAL/USART/USART_prog.o
                0x00000da4                USART_u8RecieveData_Polling
 .text.USART_voidEnableReceiverInterrupt
                0x00000dac        0x4 ./MCAL/USART/USART_prog.o
                0x00000dac                USART_voidEnableReceiverInterrupt
 .text.USART_voidDisableReceiverInterrupt
                0x00000db0        0x4 ./MCAL/USART/USART_prog.o
                0x00000db0                USART_voidDisableReceiverInterrupt
 .text.USART_voidEnableTransmitterInterrupt
                0x00000db4        0x4 ./MCAL/USART/USART_prog.o
                0x00000db4                USART_voidEnableTransmitterInterrupt
 .text.USART_voidDisableTransmitterInterrupt
                0x00000db8        0x4 ./MCAL/USART/USART_prog.o
                0x00000db8                USART_voidDisableTransmitterInterrupt
 .text.__vector_13
                0x00000dbc        0xc ./MCAL/USART/USART_prog.o
                0x00000dbc                __vector_13
 .text.USART_RecieveCallBack
                0x00000dc8        0xa ./MCAL/USART/USART_prog.o
                0x00000dc8                USART_RecieveCallBack
 .text.__vector_15
                0x00000dd2        0xc ./MCAL/USART/USART_prog.o
                0x00000dd2                __vector_15
 .text.USART_SendCallBack
                0x00000dde        0xa ./MCAL/USART/USART_prog.o
                0x00000dde                USART_SendCallBack
 .text.Timer1_voidInitialization
                0x00000de8       0x34 ./MCAL/Timer1/Timer1_prog.o
                0x00000de8                Timer1_voidInitialization
 .text.Timer1_voidSetFrequency
                0x00000e1c       0x22 ./MCAL/Timer1/Timer1_prog.o
                0x00000e1c                Timer1_voidSetFrequency
 .text.Timer1_voidSetDutyCycle
                0x00000e3e       0x62 ./MCAL/Timer1/Timer1_prog.o
                0x00000e3e                Timer1_voidSetDutyCycle
 .text.Timer1_voidCaptureEdgeSelect
                0x00000ea0       0x1a ./MCAL/Timer1/Timer1_prog.o
                0x00000ea0                Timer1_voidCaptureEdgeSelect
 .text.Timer1_voidSetTimervalue
                0x00000eba        0x6 ./MCAL/Timer1/Timer1_prog.o
                0x00000eba                Timer1_voidSetTimervalue
 .text.Timer1_voidGetTimervalue
                0x00000ec0        0x8 ./MCAL/Timer1/Timer1_prog.o
                0x00000ec0                Timer1_voidGetTimervalue
 .text.Timer1_voidICRInterruptEnable
                0x00000ec8        0x8 ./MCAL/Timer1/Timer1_prog.o
                0x00000ec8                Timer1_voidICRInterruptEnable
 .text.Timer1_voidICRInterruptDisable
                0x00000ed0        0x8 ./MCAL/Timer1/Timer1_prog.o
                0x00000ed0                Timer1_voidICRInterruptDisable
 .text.Timer1_voidOVFInterruptEnable
                0x00000ed8        0x8 ./MCAL/Timer1/Timer1_prog.o
                0x00000ed8                Timer1_voidOVFInterruptEnable
 .text.Timer1_voidOVFInterruptDisable
                0x00000ee0        0x8 ./MCAL/Timer1/Timer1_prog.o
                0x00000ee0                Timer1_voidOVFInterruptDisable
 .text.__vector_6
                0x00000ee8       0x4e ./MCAL/Timer1/Timer1_prog.o
                0x00000ee8                __vector_6
 .text.Timer1ICR_CallBack
                0x00000f36        0xa ./MCAL/Timer1/Timer1_prog.o
                0x00000f36                Timer1ICR_CallBack
 .text.__vector_9
                0x00000f40       0x4e ./MCAL/Timer1/Timer1_prog.o
                0x00000f40                __vector_9
 .text.Timer1OVF_CallBack
                0x00000f8e        0xa ./MCAL/Timer1/Timer1_prog.o
                0x00000f8e                Timer1OVF_CallBack
 .text.Timer0_voidInitialization
                0x00000f98       0x30 ./MCAL/Timer0/Timer0_prog.o
                0x00000f98                Timer0_voidInitialization
 .text.__vector_11
                0x00000fc8       0x4e ./MCAL/Timer0/Timer0_prog.o
                0x00000fc8                __vector_11
 .text.Timer0OVF_CallBack
                0x00001016        0xa ./MCAL/Timer0/Timer0_prog.o
                0x00001016                Timer0OVF_CallBack
 .text.__vector_10
                0x00001020       0x4e ./MCAL/Timer0/Timer0_prog.o
                0x00001020                __vector_10
 .text.Timer0CTC_CallBack
                0x0000106e        0xa ./MCAL/Timer0/Timer0_prog.o
                0x0000106e                Timer0CTC_CallBack
 .text.SPI_MasterRecieve
                0x00001078        0x8 ./MCAL/SPI/SPI_prog.o
                0x00001078                SPI_MasterRecieve
 .text.SPI_MasterTransive
                0x00001080        0xc ./MCAL/SPI/SPI_prog.o
                0x00001080                SPI_MasterTransive
 .text.SPI_SlaveTransmit
                0x0000108c        0xc ./MCAL/SPI/SPI_prog.o
                0x0000108c                SPI_SlaveTransmit
 .text.SPI_SlaveRecieve
                0x00001098        0x8 ./MCAL/SPI/SPI_prog.o
                0x00001098                SPI_SlaveRecieve
 .text.SPI_SlaveTransive
                0x000010a0        0xc ./MCAL/SPI/SPI_prog.o
                0x000010a0                SPI_SlaveTransive
 .text.SPI_voidInterruptEnable
                0x000010ac        0x4 ./MCAL/SPI/SPI_prog.o
                0x000010ac                SPI_voidInterruptEnable
 .text.SPI_voidInterruptDisable
                0x000010b0        0x4 ./MCAL/SPI/SPI_prog.o
                0x000010b0                SPI_voidInterruptDisable
 .text.SPI_CallBack
                0x000010b4        0xa ./MCAL/SPI/SPI_prog.o
                0x000010b4                SPI_CallBack
 .text.__vector_12
                0x000010be        0xc ./MCAL/SPI/SPI_prog.o
                0x000010be                __vector_12
 .text.SPI_MasterTransmit
                0x000010ca       0x22 ./MCAL/SPI/SPI_prog.o
                0x000010ca                SPI_MasterTransmit
 .text.SPI_voidInitialization
                0x000010ec       0x44 ./MCAL/SPI/SPI_prog.o
                0x000010ec                SPI_voidInitialization
 .text.I2C_voidInitializtion
                0x00001130       0x18 ./MCAL/I2C/I2C_prog.o
                0x00001130                I2C_voidInitializtion
 .text.I2C_Master_SendStopCondition
                0x00001148        0xe ./MCAL/I2C/I2C_prog.o
                0x00001148                I2C_Master_SendStopCondition
 .text.I2C_voidInterruptEnable
                0x00001156        0x8 ./MCAL/I2C/I2C_prog.o
                0x00001156                I2C_voidInterruptEnable
 .text.I2C_voidInterruptDisable
                0x0000115e        0x8 ./MCAL/I2C/I2C_prog.o
                0x0000115e                I2C_voidInterruptDisable
 .text.I2C_Slave_ReadData
                0x00001166       0x3c ./MCAL/I2C/I2C_prog.o
                0x00001166                I2C_Slave_ReadData
 .text.I2C_Master_ReadData
                0x000011a2       0x2e ./MCAL/I2C/I2C_prog.o
                0x000011a2                I2C_Master_ReadData
 .text.I2C_Master_SendData
                0x000011d0       0x1a ./MCAL/I2C/I2C_prog.o
                0x000011d0                I2C_Master_SendData
 .text.I2C_Master_SendSlaveAddress_Read
                0x000011ea       0x24 ./MCAL/I2C/I2C_prog.o
                0x000011ea                I2C_Master_SendSlaveAddress_Read
 .text.I2C_Master_SendSlaveAddress_Write
                0x0000120e       0x24 ./MCAL/I2C/I2C_prog.o
                0x0000120e                I2C_Master_SendSlaveAddress_Write
 .text.I2C_Master_SendRepeatedStartCondition
                0x00001232       0x1e ./MCAL/I2C/I2C_prog.o
                0x00001232                I2C_Master_SendRepeatedStartCondition
 .text.I2C_Master_SendStartCondition
                0x00001250       0x1e ./MCAL/I2C/I2C_prog.o
                0x00001250                I2C_Master_SendStartCondition
 .text.GIE_Enable
                0x0000126e        0x8 ./MCAL/GIE/GIE_prog.o
                0x0000126e                GIE_Enable
 .text.GIE_Disable
                0x00001276        0x8 ./MCAL/GIE/GIE_prog.o
                0x00001276                GIE_Disable
 .text.EXT_INT_voidInitialization
                0x0000127e       0x1a ./MCAL/EXT_INT/EXT_INT_prog.o
                0x0000127e                EXT_INT_voidInitialization
 .text.EXTI1_Enable
                0x00001298        0x8 ./MCAL/EXT_INT/EXT_INT_prog.o
                0x00001298                EXTI1_Enable
 .text.EXTI1_Disable
                0x000012a0        0x8 ./MCAL/EXT_INT/EXT_INT_prog.o
                0x000012a0                EXTI1_Disable
 .text.__vector_2
                0x000012a8       0x4e ./MCAL/EXT_INT/EXT_INT_prog.o
                0x000012a8                __vector_2
 .text.EXTI1_CallBack
                0x000012f6        0xa ./MCAL/EXT_INT/EXT_INT_prog.o
                0x000012f6                EXTI1_CallBack
 .text.DIO_voidInitialization
                0x00001300        0x2 ./MCAL/DIO/DIO_prog.o
                0x00001300                DIO_voidInitialization
 .text.DIO_voidSetPinDirection
                0x00001302       0xe2 ./MCAL/DIO/DIO_prog.o
                0x00001302                DIO_voidSetPinDirection
 .text.DIO_voidSetPinValue
                0x000013e4       0xe2 ./MCAL/DIO/DIO_prog.o
                0x000013e4                DIO_voidSetPinValue
 .text.DIO_voidTogglePin
                0x000014c6       0x6a ./MCAL/DIO/DIO_prog.o
                0x000014c6                DIO_voidTogglePin
 .text.DIO_voidSetPortDirection
                0x00001530       0x50 ./MCAL/DIO/DIO_prog.o
                0x00001530                DIO_voidSetPortDirection
 .text.DIO_voidSetPortValue
                0x00001580       0x22 ./MCAL/DIO/DIO_prog.o
                0x00001580                DIO_voidSetPortValue
 .text.DIO_voidSetPortValueMask
                0x000015a2       0x3a ./MCAL/DIO/DIO_prog.o
                0x000015a2                DIO_voidSetPortValueMask
 .text.DIO_voidSetPortDirectionMask
                0x000015dc       0x3a ./MCAL/DIO/DIO_prog.o
                0x000015dc                DIO_voidSetPortDirectionMask
 .text.DIO_u8GetPinValue
                0x00001616       0x66 ./MCAL/DIO/DIO_prog.o
                0x00001616                DIO_u8GetPinValue
 .text.DIO_voidGetPinValue
                0x0000167c       0x68 ./MCAL/DIO/DIO_prog.o
                0x0000167c                DIO_voidGetPinValue
 .text.ADC_voidInterruptEnable
                0x000016e4        0x4 ./MCAL/ADC/ADC_prog.o
                0x000016e4                ADC_voidInterruptEnable
 .text.ADC_voidInterruptDisable
                0x000016e8        0x4 ./MCAL/ADC/ADC_prog.o
                0x000016e8                ADC_voidInterruptDisable
 .text.ADC_voidStartConversion
                0x000016ec       0x56 ./MCAL/ADC/ADC_prog.o
                0x000016ec                ADC_voidStartConversion
 .text.__vector_16
                0x00001742       0x4e ./MCAL/ADC/ADC_prog.o
                0x00001742                __vector_16
 .text.ADC_CallBack
                0x00001790        0xa ./MCAL/ADC/ADC_prog.o
                0x00001790                ADC_CallBack
 .text.ADC_voidReadConversionValue_Polling
                0x0000179a       0x20 ./MCAL/ADC/ADC_prog.o
                0x0000179a                ADC_voidReadConversionValue_Polling
 .text.ADC_voidInitialization
                0x000017ba       0x1e ./MCAL/ADC/ADC_prog.o
                0x000017ba                ADC_voidInitialization
 .text.SEG_KIT_voidDisplayNumber
                0x000017d8       0xd0 ./HAL/SEG_KIT/SEG_KIT_prog.o
                0x000017d8                SEG_KIT_voidDisplayNumber
 .text.SEG_KIT_voidDisplayBigNumber
                0x000018a8      0x114 ./HAL/SEG_KIT/SEG_KIT_prog.o
                0x000018a8                SEG_KIT_voidDisplayBigNumber
 .text.SEG_KIT_voidInitialization
                0x000019bc       0xa2 ./HAL/SEG_KIT/SEG_KIT_prog.o
                0x000019bc                SEG_KIT_voidInitialization
 .text.LCD_KIT_voidRunCommand
                0x00001a5e      0x112 ./HAL/LCD_KIT/LCD_KIT_prog.o
                0x00001a5e                LCD_KIT_voidRunCommand
 .text.LCD_KIT_voidSetCurser
                0x00001b70        0x8 ./HAL/LCD_KIT/LCD_KIT_prog.o
                0x00001b70                LCD_KIT_voidSetCurser
 .text.LCD_KIT_voidDisplayCharacter
                0x00001b78      0x112 ./HAL/LCD_KIT/LCD_KIT_prog.o
                0x00001b78                LCD_KIT_voidDisplayCharacter
 .text.LCD_KIT_voidStoreCustomCharacter
                0x00001c8a       0x32 ./HAL/LCD_KIT/LCD_KIT_prog.o
                0x00001c8a                LCD_KIT_voidStoreCustomCharacter
 .text.LCD_KIT_voidDisplayBigNumber
                0x00001cbc      0x1ea ./HAL/LCD_KIT/LCD_KIT_prog.o
                0x00001cbc                LCD_KIT_voidDisplayBigNumber
 .text.LCD_KIT_voidDisplayString
                0x00001ea6       0x26 ./HAL/LCD_KIT/LCD_KIT_prog.o
                0x00001ea6                LCD_KIT_voidDisplayString
 .text.LCD_KIT_voidInitialization
                0x00001ecc       0xe4 ./HAL/LCD_KIT/LCD_KIT_prog.o
                0x00001ecc                LCD_KIT_voidInitialization
 .text.KEYBAD_voidGetPressedKey
                0x00001fb0       0xb2 ./HAL/KEYBAD/KEYBAD_prog.o
                0x00001fb0                KEYBAD_voidGetPressedKey
 .text.KEYBAD_voidInitialization
                0x00002062       0xa2 ./HAL/KEYBAD/KEYBAD_prog.o
                0x00002062                KEYBAD_voidInitialization
 .text.SEG_voidDisplayNumber
                0x00002104       0x7a ./HAL/7SEG/7SEG_prog.o
                0x00002104                SEG_voidDisplayNumber
 .text.SEG_voidInitialization
                0x0000217e        0xa ./HAL/7SEG/7SEG_prog.o
                0x0000217e                SEG_voidInitialization
 .text.USART_voidRecieveData_Interrupt
                0x00002188        0xe ./APP/main.o
                0x00002188                USART_voidRecieveData_Interrupt
 .text.USART_voidSendData_Interrupt
                0x00002196       0x14 ./APP/main.o
                0x00002196                USART_voidSendData_Interrupt
 .text.main     0x000021aa       0xa4 ./APP/main.o
                0x000021aa                main
 .text.libgcc   0x0000224e       0x28 c:/users/hp/downloads/imt_sdk_win_64/imt_sdk_win_64/winavr/bin/../lib/gcc/avr/4.3.3/avr5\libgcc.a(_udivmodhi4.o)
                0x0000224e                __udivmodhi4
 .text.libgcc   0x00002276       0x44 c:/users/hp/downloads/imt_sdk_win_64/imt_sdk_win_64/winavr/bin/../lib/gcc/avr/4.3.3/avr5\libgcc.a(_udivmodsi4.o)
                0x00002276                __udivmodsi4
 .text.libgcc   0x000022ba       0x36 c:/users/hp/downloads/imt_sdk_win_64/imt_sdk_win_64/winavr/bin/../lib/gcc/avr/4.3.3/avr5\libgcc.a(_divmodsi4.o)
                0x000022ba                __divmodsi4
 .text.libgcc   0x000022f0        0x0 c:/users/hp/downloads/imt_sdk_win_64/imt_sdk_win_64/winavr/bin/../lib/gcc/avr/4.3.3/avr5\libgcc.a(_exit.o)
 .text.libgcc   0x000022f0        0x0 c:/users/hp/downloads/imt_sdk_win_64/imt_sdk_win_64/winavr/bin/../lib/gcc/avr/4.3.3/avr5\libgcc.a(_copy_data.o)
 .text.libgcc   0x000022f0        0x0 c:/users/hp/downloads/imt_sdk_win_64/imt_sdk_win_64/winavr/bin/../lib/gcc/avr/4.3.3/avr5\libgcc.a(_clear_bss.o)
 .text.libgcc   0x000022f0       0x38 c:/users/hp/downloads/imt_sdk_win_64/imt_sdk_win_64/winavr/bin/../lib/gcc/avr/4.3.3/avr5\libgcc.a(_prologue.o)
                0x000022f0                __prologue_saves__
 .text.libgcc   0x00002328       0x36 c:/users/hp/downloads/imt_sdk_win_64/imt_sdk_win_64/winavr/bin/../lib/gcc/avr/4.3.3/avr5\libgcc.a(_epilogue.o)
                0x00002328                __epilogue_restores__
                0x0000235e                . = ALIGN (0x2)
 *(.fini9)
 .fini9         0x0000235e        0x0 c:/users/hp/downloads/imt_sdk_win_64/imt_sdk_win_64/winavr/bin/../lib/gcc/avr/4.3.3/avr5\libgcc.a(_exit.o)
                0x0000235e                exit
                0x0000235e                _exit
 *(.fini9)
 *(.fini8)
 *(.fini8)
 *(.fini7)
 *(.fini7)
 *(.fini6)
 *(.fini6)
 *(.fini5)
 *(.fini5)
 *(.fini4)
 *(.fini4)
 *(.fini3)
 *(.fini3)
 *(.fini2)
 *(.fini2)
 *(.fini1)
 *(.fini1)
 *(.fini0)
 .fini0         0x0000235e        0x4 c:/users/hp/downloads/imt_sdk_win_64/imt_sdk_win_64/winavr/bin/../lib/gcc/avr/4.3.3/avr5\libgcc.a(_exit.o)
 *(.fini0)
                0x00002362                _etext = .

.data           0x00800060      0x11c load address 0x00002362
                0x00800060                PROVIDE (__data_start, .)
 *(.data)
 .data          0x00800060        0x0 c:/users/hp/downloads/imt_sdk_win_64/imt_sdk_win_64/winavr/bin/../lib/gcc/avr/4.3.3/../../../../avr/lib/avr5/crtm32.o
 .data          0x00800060        0x0 ./MCAL/USART/USART_prog.o
 .data          0x00800060        0x0 ./MCAL/Timer1/Timer1_prog.o
 .data          0x00800060        0x0 ./MCAL/Timer0/Timer0_prog.o
 .data          0x00800060        0x0 ./MCAL/SPI/SPI_prog.o
 .data          0x00800060        0x0 ./MCAL/I2C/I2C_prog.o
 .data          0x00800060        0x0 ./MCAL/GIE/GIE_prog.o
 .data          0x00800060        0x0 ./MCAL/EXT_INT/EXT_INT_prog.o
 .data          0x00800060        0x0 ./MCAL/DIO/DIO_prog.o
 .data          0x00800060        0x0 ./MCAL/ADC/ADC_prog.o
 .data          0x00800060        0x0 ./HAL/SEG_KIT/SEG_KIT_prog.o
 .data          0x00800060        0x0 ./HAL/LCD_KIT/LCD_KIT_prog.o
 .data          0x00800060        0x0 ./HAL/KEYBAD/KEYBAD_prog.o
 .data          0x00800060        0x0 ./HAL/7SEG/7SEG_prog.o
 .data          0x00800060       0x14 ./APP/main.o
 .data          0x00800074        0x0 c:/users/hp/downloads/imt_sdk_win_64/imt_sdk_win_64/winavr/bin/../lib/gcc/avr/4.3.3/avr5\libgcc.a(_udivmodhi4.o)
 .data          0x00800074        0x0 c:/users/hp/downloads/imt_sdk_win_64/imt_sdk_win_64/winavr/bin/../lib/gcc/avr/4.3.3/avr5\libgcc.a(_udivmodsi4.o)
 .data          0x00800074        0x0 c:/users/hp/downloads/imt_sdk_win_64/imt_sdk_win_64/winavr/bin/../lib/gcc/avr/4.3.3/avr5\libgcc.a(_divmodsi4.o)
 .data          0x00800074        0x0 c:/users/hp/downloads/imt_sdk_win_64/imt_sdk_win_64/winavr/bin/../lib/gcc/avr/4.3.3/avr5\libgcc.a(_exit.o)
 .data          0x00800074        0x0 c:/users/hp/downloads/imt_sdk_win_64/imt_sdk_win_64/winavr/bin/../lib/gcc/avr/4.3.3/avr5\libgcc.a(_copy_data.o)
 .data          0x00800074        0x0 c:/users/hp/downloads/imt_sdk_win_64/imt_sdk_win_64/winavr/bin/../lib/gcc/avr/4.3.3/avr5\libgcc.a(_clear_bss.o)
 .data          0x00800074        0x0 c:/users/hp/downloads/imt_sdk_win_64/imt_sdk_win_64/winavr/bin/../lib/gcc/avr/4.3.3/avr5\libgcc.a(_fixunssfsi.o)
 .data          0x00800074        0x0 c:/users/hp/downloads/imt_sdk_win_64/imt_sdk_win_64/winavr/bin/../lib/gcc/avr/4.3.3/avr5\libgcc.a(_addsub_sf.o)
 .data          0x00800074        0x0 c:/users/hp/downloads/imt_sdk_win_64/imt_sdk_win_64/winavr/bin/../lib/gcc/avr/4.3.3/avr5\libgcc.a(_mul_sf.o)
 .data          0x00800074        0x0 c:/users/hp/downloads/imt_sdk_win_64/imt_sdk_win_64/winavr/bin/../lib/gcc/avr/4.3.3/avr5\libgcc.a(_div_sf.o)
 .data          0x00800074        0x0 c:/users/hp/downloads/imt_sdk_win_64/imt_sdk_win_64/winavr/bin/../lib/gcc/avr/4.3.3/avr5\libgcc.a(_ge_sf.o)
 .data          0x00800074        0x0 c:/users/hp/downloads/imt_sdk_win_64/imt_sdk_win_64/winavr/bin/../lib/gcc/avr/4.3.3/avr5\libgcc.a(_sf_to_si.o)
 .data          0x00800074        0x8 c:/users/hp/downloads/imt_sdk_win_64/imt_sdk_win_64/winavr/bin/../lib/gcc/avr/4.3.3/avr5\libgcc.a(_thenan_sf.o)
                0x00800074                __thenan_sf
 .data          0x0080007c        0x0 c:/users/hp/downloads/imt_sdk_win_64/imt_sdk_win_64/winavr/bin/../lib/gcc/avr/4.3.3/avr5\libgcc.a(_usi_to_sf.o)
 .data          0x0080007c        0x0 c:/users/hp/downloads/imt_sdk_win_64/imt_sdk_win_64/winavr/bin/../lib/gcc/avr/4.3.3/avr5\libgcc.a(_prologue.o)
 .data          0x0080007c        0x0 c:/users/hp/downloads/imt_sdk_win_64/imt_sdk_win_64/winavr/bin/../lib/gcc/avr/4.3.3/avr5\libgcc.a(_epilogue.o)
 .data          0x0080007c        0x0 c:/users/hp/downloads/imt_sdk_win_64/imt_sdk_win_64/winavr/bin/../lib/gcc/avr/4.3.3/avr5\libgcc.a(_clzsi2.o)
 .data          0x0080007c        0x0 c:/users/hp/downloads/imt_sdk_win_64/imt_sdk_win_64/winavr/bin/../lib/gcc/avr/4.3.3/avr5\libgcc.a(_pack_sf.o)
 .data          0x0080007c        0x0 c:/users/hp/downloads/imt_sdk_win_64/imt_sdk_win_64/winavr/bin/../lib/gcc/avr/4.3.3/avr5\libgcc.a(_unpack_sf.o)
 .data          0x0080007c        0x0 c:/users/hp/downloads/imt_sdk_win_64/imt_sdk_win_64/winavr/bin/../lib/gcc/avr/4.3.3/avr5\libgcc.a(_fpcmp_parts_sf.o)
 .data          0x0080007c      0x100 c:/users/hp/downloads/imt_sdk_win_64/imt_sdk_win_64/winavr/bin/../lib/gcc/avr/4.3.3/avr5\libgcc.a(_clz.o)
                0x0080007c                __clz_tab
 *(.data*)
 *(.rodata)
 *(.rodata*)
 *(.gnu.linkonce.d*)
                0x0080017c                . = ALIGN (0x2)
                0x0080017c                _edata = .
                0x0080017c                PROVIDE (__data_end, .)

.bss            0x0080017c       0x13
                0x0080017c                PROVIDE (__bss_start, .)
 *(.bss)
 .bss           0x0080017c        0x0 c:/users/hp/downloads/imt_sdk_win_64/imt_sdk_win_64/winavr/bin/../lib/gcc/avr/4.3.3/../../../../avr/lib/avr5/crtm32.o
 .bss           0x0080017c        0x0 ./MCAL/USART/USART_prog.o
 .bss           0x0080017c        0x0 ./MCAL/Timer1/Timer1_prog.o
 .bss           0x0080017c        0x0 ./MCAL/Timer0/Timer0_prog.o
 .bss           0x0080017c        0x0 ./MCAL/SPI/SPI_prog.o
 .bss           0x0080017c        0x0 ./MCAL/I2C/I2C_prog.o
 .bss           0x0080017c        0x0 ./MCAL/GIE/GIE_prog.o
 .bss           0x0080017c        0x0 ./MCAL/EXT_INT/EXT_INT_prog.o
 .bss           0x0080017c        0x0 ./MCAL/DIO/DIO_prog.o
 .bss           0x0080017c        0x0 ./MCAL/ADC/ADC_prog.o
 .bss           0x0080017c        0x0 ./HAL/SEG_KIT/SEG_KIT_prog.o
 .bss           0x0080017c        0x0 ./HAL/LCD_KIT/LCD_KIT_prog.o
 .bss           0x0080017c        0x0 ./HAL/KEYBAD/KEYBAD_prog.o
 .bss           0x0080017c        0x0 ./HAL/7SEG/7SEG_prog.o
 .bss           0x0080017c        0x0 ./APP/main.o
 .bss           0x0080017c        0x0 c:/users/hp/downloads/imt_sdk_win_64/imt_sdk_win_64/winavr/bin/../lib/gcc/avr/4.3.3/avr5\libgcc.a(_udivmodhi4.o)
 .bss           0x0080017c        0x0 c:/users/hp/downloads/imt_sdk_win_64/imt_sdk_win_64/winavr/bin/../lib/gcc/avr/4.3.3/avr5\libgcc.a(_udivmodsi4.o)
 .bss           0x0080017c        0x0 c:/users/hp/downloads/imt_sdk_win_64/imt_sdk_win_64/winavr/bin/../lib/gcc/avr/4.3.3/avr5\libgcc.a(_divmodsi4.o)
 .bss           0x0080017c        0x0 c:/users/hp/downloads/imt_sdk_win_64/imt_sdk_win_64/winavr/bin/../lib/gcc/avr/4.3.3/avr5\libgcc.a(_exit.o)
 .bss           0x0080017c        0x0 c:/users/hp/downloads/imt_sdk_win_64/imt_sdk_win_64/winavr/bin/../lib/gcc/avr/4.3.3/avr5\libgcc.a(_copy_data.o)
 .bss           0x0080017c        0x0 c:/users/hp/downloads/imt_sdk_win_64/imt_sdk_win_64/winavr/bin/../lib/gcc/avr/4.3.3/avr5\libgcc.a(_clear_bss.o)
 .bss           0x0080017c        0x0 c:/users/hp/downloads/imt_sdk_win_64/imt_sdk_win_64/winavr/bin/../lib/gcc/avr/4.3.3/avr5\libgcc.a(_fixunssfsi.o)
 .bss           0x0080017c        0x0 c:/users/hp/downloads/imt_sdk_win_64/imt_sdk_win_64/winavr/bin/../lib/gcc/avr/4.3.3/avr5\libgcc.a(_addsub_sf.o)
 .bss           0x0080017c        0x0 c:/users/hp/downloads/imt_sdk_win_64/imt_sdk_win_64/winavr/bin/../lib/gcc/avr/4.3.3/avr5\libgcc.a(_mul_sf.o)
 .bss           0x0080017c        0x0 c:/users/hp/downloads/imt_sdk_win_64/imt_sdk_win_64/winavr/bin/../lib/gcc/avr/4.3.3/avr5\libgcc.a(_div_sf.o)
 .bss           0x0080017c        0x0 c:/users/hp/downloads/imt_sdk_win_64/imt_sdk_win_64/winavr/bin/../lib/gcc/avr/4.3.3/avr5\libgcc.a(_ge_sf.o)
 .bss           0x0080017c        0x0 c:/users/hp/downloads/imt_sdk_win_64/imt_sdk_win_64/winavr/bin/../lib/gcc/avr/4.3.3/avr5\libgcc.a(_sf_to_si.o)
 .bss           0x0080017c        0x0 c:/users/hp/downloads/imt_sdk_win_64/imt_sdk_win_64/winavr/bin/../lib/gcc/avr/4.3.3/avr5\libgcc.a(_thenan_sf.o)
 .bss           0x0080017c        0x0 c:/users/hp/downloads/imt_sdk_win_64/imt_sdk_win_64/winavr/bin/../lib/gcc/avr/4.3.3/avr5\libgcc.a(_usi_to_sf.o)
 .bss           0x0080017c        0x0 c:/users/hp/downloads/imt_sdk_win_64/imt_sdk_win_64/winavr/bin/../lib/gcc/avr/4.3.3/avr5\libgcc.a(_prologue.o)
 .bss           0x0080017c        0x0 c:/users/hp/downloads/imt_sdk_win_64/imt_sdk_win_64/winavr/bin/../lib/gcc/avr/4.3.3/avr5\libgcc.a(_epilogue.o)
 .bss           0x0080017c        0x0 c:/users/hp/downloads/imt_sdk_win_64/imt_sdk_win_64/winavr/bin/../lib/gcc/avr/4.3.3/avr5\libgcc.a(_clzsi2.o)
 .bss           0x0080017c        0x0 c:/users/hp/downloads/imt_sdk_win_64/imt_sdk_win_64/winavr/bin/../lib/gcc/avr/4.3.3/avr5\libgcc.a(_pack_sf.o)
 .bss           0x0080017c        0x0 c:/users/hp/downloads/imt_sdk_win_64/imt_sdk_win_64/winavr/bin/../lib/gcc/avr/4.3.3/avr5\libgcc.a(_unpack_sf.o)
 .bss           0x0080017c        0x0 c:/users/hp/downloads/imt_sdk_win_64/imt_sdk_win_64/winavr/bin/../lib/gcc/avr/4.3.3/avr5\libgcc.a(_fpcmp_parts_sf.o)
 .bss           0x0080017c        0x0 c:/users/hp/downloads/imt_sdk_win_64/imt_sdk_win_64/winavr/bin/../lib/gcc/avr/4.3.3/avr5\libgcc.a(_clz.o)
 *(.bss*)
 .bss.USART_Recieve_ISR
                0x0080017c        0x2 ./MCAL/USART/USART_prog.o
                0x0080017c                USART_Recieve_ISR
 .bss.USART_Send_ISR
                0x0080017e        0x2 ./MCAL/USART/USART_prog.o
                0x0080017e                USART_Send_ISR
 .bss.Timer1ICR_ISR
                0x00800180        0x2 ./MCAL/Timer1/Timer1_prog.o
                0x00800180                Timer1ICR_ISR
 .bss.Timer1OVF_ISR
                0x00800182        0x2 ./MCAL/Timer1/Timer1_prog.o
                0x00800182                Timer1OVF_ISR
 .bss.Timer0OVF_ISR
                0x00800184        0x2 ./MCAL/Timer0/Timer0_prog.o
                0x00800184                Timer0OVF_ISR
 .bss.Timer0CTC_ISR
                0x00800186        0x2 ./MCAL/Timer0/Timer0_prog.o
                0x00800186                Timer0CTC_ISR
 .bss.SPI_PTR   0x00800188        0x2 ./MCAL/SPI/SPI_prog.o
                0x00800188                SPI_PTR
 .bss.EXTI1_ISR
                0x0080018a        0x2 ./MCAL/EXT_INT/EXT_INT_prog.o
                0x0080018a                EXTI1_ISR
 .bss.ADC_ISR   0x0080018c        0x2 ./MCAL/ADC/ADC_prog.o
                0x0080018c                ADC_ISR
 *(COMMON)
 COMMON         0x0080018e        0x1 ./APP/main.o
                0x0080018e                Return
                0x0080018f                PROVIDE (__bss_end, .)
                0x00002362                __data_load_start = LOADADDR (.data)
                0x0000247e                __data_load_end = (__data_load_start + SIZEOF (.data))

.noinit         0x0080018f        0x0
                0x0080018f                PROVIDE (__noinit_start, .)
 *(.noinit*)
                0x0080018f                PROVIDE (__noinit_end, .)
                0x0080018f                _end = .
                0x0080018f                PROVIDE (__heap_start, .)

.eeprom         0x00810000        0x0
 *(.eeprom*)
                0x00810000                __eeprom_end = .

.fuse
 *(.fuse)
 *(.lfuse)
 *(.hfuse)
 *(.efuse)

.lock
 *(.lock*)

.signature
 *(.signature*)

.stab           0x00000000     0x37bc
 *(.stab)
 .stab          0x00000000      0x648 ./MCAL/USART/USART_prog.o
 .stab          0x00000648      0x450 ./MCAL/Timer1/Timer1_prog.o
                                0x4d4 (size before relaxing)
 .stab          0x00000a98      0x258 ./MCAL/Timer0/Timer0_prog.o
                                0x2dc (size before relaxing)
 .stab          0x00000cf0      0x474 ./MCAL/SPI/SPI_prog.o
                                0x4f8 (size before relaxing)
 .stab          0x00001164      0x4c8 ./MCAL/I2C/I2C_prog.o
                                0x54c (size before relaxing)
 .stab          0x0000162c      0x1bc ./MCAL/GIE/GIE_prog.o
                                0x1c8 (size before relaxing)
 .stab          0x000017e8      0x210 ./MCAL/EXT_INT/EXT_INT_prog.o
                                0x294 (size before relaxing)
 .stab          0x000019f8      0x624 ./MCAL/DIO/DIO_prog.o
                                0x6a8 (size before relaxing)
 .stab          0x0000201c      0x360 ./MCAL/ADC/ADC_prog.o
                                0x3e4 (size before relaxing)
 .stab          0x0000237c      0x4b0 ./HAL/SEG_KIT/SEG_KIT_prog.o
                                0x6c0 (size before relaxing)
 .stab          0x0000282c      0x810 ./HAL/LCD_KIT/LCD_KIT_prog.o
                                0xa20 (size before relaxing)
 .stab          0x0000303c      0x2dc ./HAL/KEYBAD/KEYBAD_prog.o
                                0x360 (size before relaxing)
 .stab          0x00003318      0x1bc ./HAL/7SEG/7SEG_prog.o
                                0x240 (size before relaxing)
 .stab          0x000034d4      0x2e8 ./APP/main.o
                                0x4f8 (size before relaxing)

.stabstr        0x00000000     0x1874
 *(.stabstr)
 .stabstr       0x00000000     0x1874 ./MCAL/USART/USART_prog.o

.stab.excl
 *(.stab.excl)

.stab.exclstr
 *(.stab.exclstr)

.stab.index
 *(.stab.index)

.stab.indexstr
 *(.stab.indexstr)

.comment
 *(.comment)

.debug
 *(.debug)

.line
 *(.line)

.debug_srcinfo
 *(.debug_srcinfo)

.debug_sfnames
 *(.debug_sfnames)

.debug_aranges  0x00000000      0x160
 *(.debug_aranges)
 .debug_aranges
                0x00000000       0x20 c:/users/hp/downloads/imt_sdk_win_64/imt_sdk_win_64/winavr/bin/../lib/gcc/avr/4.3.3/avr5\libgcc.a(_fixunssfsi.o)
 .debug_aranges
                0x00000020       0x20 c:/users/hp/downloads/imt_sdk_win_64/imt_sdk_win_64/winavr/bin/../lib/gcc/avr/4.3.3/avr5\libgcc.a(_addsub_sf.o)
 .debug_aranges
                0x00000040       0x20 c:/users/hp/downloads/imt_sdk_win_64/imt_sdk_win_64/winavr/bin/../lib/gcc/avr/4.3.3/avr5\libgcc.a(_mul_sf.o)
 .debug_aranges
                0x00000060       0x20 c:/users/hp/downloads/imt_sdk_win_64/imt_sdk_win_64/winavr/bin/../lib/gcc/avr/4.3.3/avr5\libgcc.a(_div_sf.o)
 .debug_aranges
                0x00000080       0x20 c:/users/hp/downloads/imt_sdk_win_64/imt_sdk_win_64/winavr/bin/../lib/gcc/avr/4.3.3/avr5\libgcc.a(_ge_sf.o)
 .debug_aranges
                0x000000a0       0x20 c:/users/hp/downloads/imt_sdk_win_64/imt_sdk_win_64/winavr/bin/../lib/gcc/avr/4.3.3/avr5\libgcc.a(_sf_to_si.o)
 .debug_aranges
                0x000000c0       0x20 c:/users/hp/downloads/imt_sdk_win_64/imt_sdk_win_64/winavr/bin/../lib/gcc/avr/4.3.3/avr5\libgcc.a(_usi_to_sf.o)
 .debug_aranges
                0x000000e0       0x20 c:/users/hp/downloads/imt_sdk_win_64/imt_sdk_win_64/winavr/bin/../lib/gcc/avr/4.3.3/avr5\libgcc.a(_clzsi2.o)
 .debug_aranges
                0x00000100       0x20 c:/users/hp/downloads/imt_sdk_win_64/imt_sdk_win_64/winavr/bin/../lib/gcc/avr/4.3.3/avr5\libgcc.a(_pack_sf.o)
 .debug_aranges
                0x00000120       0x20 c:/users/hp/downloads/imt_sdk_win_64/imt_sdk_win_64/winavr/bin/../lib/gcc/avr/4.3.3/avr5\libgcc.a(_unpack_sf.o)
 .debug_aranges
                0x00000140       0x20 c:/users/hp/downloads/imt_sdk_win_64/imt_sdk_win_64/winavr/bin/../lib/gcc/avr/4.3.3/avr5\libgcc.a(_fpcmp_parts_sf.o)

.debug_pubnames
                0x00000000      0x1b6
 *(.debug_pubnames)
 .debug_pubnames
                0x00000000       0x23 c:/users/hp/downloads/imt_sdk_win_64/imt_sdk_win_64/winavr/bin/../lib/gcc/avr/4.3.3/avr5\libgcc.a(_fixunssfsi.o)
 .debug_pubnames
                0x00000023       0x2c c:/users/hp/downloads/imt_sdk_win_64/imt_sdk_win_64/winavr/bin/../lib/gcc/avr/4.3.3/avr5\libgcc.a(_addsub_sf.o)
 .debug_pubnames
                0x0000004f       0x1f c:/users/hp/downloads/imt_sdk_win_64/imt_sdk_win_64/winavr/bin/../lib/gcc/avr/4.3.3/avr5\libgcc.a(_mul_sf.o)
 .debug_pubnames
                0x0000006e       0x1f c:/users/hp/downloads/imt_sdk_win_64/imt_sdk_win_64/winavr/bin/../lib/gcc/avr/4.3.3/avr5\libgcc.a(_div_sf.o)
 .debug_pubnames
                0x0000008d       0x1e c:/users/hp/downloads/imt_sdk_win_64/imt_sdk_win_64/winavr/bin/../lib/gcc/avr/4.3.3/avr5\libgcc.a(_ge_sf.o)
 .debug_pubnames
                0x000000ab       0x20 c:/users/hp/downloads/imt_sdk_win_64/imt_sdk_win_64/winavr/bin/../lib/gcc/avr/4.3.3/avr5\libgcc.a(_sf_to_si.o)
 .debug_pubnames
                0x000000cb       0x22 c:/users/hp/downloads/imt_sdk_win_64/imt_sdk_win_64/winavr/bin/../lib/gcc/avr/4.3.3/avr5\libgcc.a(_thenan_sf.o)
 .debug_pubnames
                0x000000ed       0x24 c:/users/hp/downloads/imt_sdk_win_64/imt_sdk_win_64/winavr/bin/../lib/gcc/avr/4.3.3/avr5\libgcc.a(_usi_to_sf.o)
 .debug_pubnames
                0x00000111       0x1f c:/users/hp/downloads/imt_sdk_win_64/imt_sdk_win_64/winavr/bin/../lib/gcc/avr/4.3.3/avr5\libgcc.a(_clzsi2.o)
 .debug_pubnames
                0x00000130       0x1f c:/users/hp/downloads/imt_sdk_win_64/imt_sdk_win_64/winavr/bin/../lib/gcc/avr/4.3.3/avr5\libgcc.a(_pack_sf.o)
 .debug_pubnames
                0x0000014f       0x21 c:/users/hp/downloads/imt_sdk_win_64/imt_sdk_win_64/winavr/bin/../lib/gcc/avr/4.3.3/avr5\libgcc.a(_unpack_sf.o)
 .debug_pubnames
                0x00000170       0x26 c:/users/hp/downloads/imt_sdk_win_64/imt_sdk_win_64/winavr/bin/../lib/gcc/avr/4.3.3/avr5\libgcc.a(_fpcmp_parts_sf.o)
 .debug_pubnames
                0x00000196       0x20 c:/users/hp/downloads/imt_sdk_win_64/imt_sdk_win_64/winavr/bin/../lib/gcc/avr/4.3.3/avr5\libgcc.a(_clz.o)

.debug_info     0x00000000     0x1f0d
 *(.debug_info)
 .debug_info    0x00000000       0xb1 c:/users/hp/downloads/imt_sdk_win_64/imt_sdk_win_64/winavr/bin/../lib/gcc/avr/4.3.3/avr5\libgcc.a(_fixunssfsi.o)
 .debug_info    0x000000b1      0x47a c:/users/hp/downloads/imt_sdk_win_64/imt_sdk_win_64/winavr/bin/../lib/gcc/avr/4.3.3/avr5\libgcc.a(_addsub_sf.o)
 .debug_info    0x0000052b      0x485 c:/users/hp/downloads/imt_sdk_win_64/imt_sdk_win_64/winavr/bin/../lib/gcc/avr/4.3.3/avr5\libgcc.a(_mul_sf.o)
 .debug_info    0x000009b0      0x3fc c:/users/hp/downloads/imt_sdk_win_64/imt_sdk_win_64/winavr/bin/../lib/gcc/avr/4.3.3/avr5\libgcc.a(_div_sf.o)
 .debug_info    0x00000dac      0x27f c:/users/hp/downloads/imt_sdk_win_64/imt_sdk_win_64/winavr/bin/../lib/gcc/avr/4.3.3/avr5\libgcc.a(_ge_sf.o)
 .debug_info    0x0000102b      0x2b0 c:/users/hp/downloads/imt_sdk_win_64/imt_sdk_win_64/winavr/bin/../lib/gcc/avr/4.3.3/avr5\libgcc.a(_sf_to_si.o)
 .debug_info    0x000012db      0x12c c:/users/hp/downloads/imt_sdk_win_64/imt_sdk_win_64/winavr/bin/../lib/gcc/avr/4.3.3/avr5\libgcc.a(_thenan_sf.o)
 .debug_info    0x00001407      0x206 c:/users/hp/downloads/imt_sdk_win_64/imt_sdk_win_64/winavr/bin/../lib/gcc/avr/4.3.3/avr5\libgcc.a(_usi_to_sf.o)
 .debug_info    0x0000160d      0x117 c:/users/hp/downloads/imt_sdk_win_64/imt_sdk_win_64/winavr/bin/../lib/gcc/avr/4.3.3/avr5\libgcc.a(_clzsi2.o)
 .debug_info    0x00001724      0x2df c:/users/hp/downloads/imt_sdk_win_64/imt_sdk_win_64/winavr/bin/../lib/gcc/avr/4.3.3/avr5\libgcc.a(_pack_sf.o)
 .debug_info    0x00001a03      0x251 c:/users/hp/downloads/imt_sdk_win_64/imt_sdk_win_64/winavr/bin/../lib/gcc/avr/4.3.3/avr5\libgcc.a(_unpack_sf.o)
 .debug_info    0x00001c54      0x210 c:/users/hp/downloads/imt_sdk_win_64/imt_sdk_win_64/winavr/bin/../lib/gcc/avr/4.3.3/avr5\libgcc.a(_fpcmp_parts_sf.o)
 .debug_info    0x00001e64       0xa9 c:/users/hp/downloads/imt_sdk_win_64/imt_sdk_win_64/winavr/bin/../lib/gcc/avr/4.3.3/avr5\libgcc.a(_clz.o)
 *(.gnu.linkonce.wi.*)

.debug_abbrev   0x00000000     0x10d2
 *(.debug_abbrev)
 .debug_abbrev  0x00000000       0x5d c:/users/hp/downloads/imt_sdk_win_64/imt_sdk_win_64/winavr/bin/../lib/gcc/avr/4.3.3/avr5\libgcc.a(_fixunssfsi.o)
 .debug_abbrev  0x0000005d      0x1ea c:/users/hp/downloads/imt_sdk_win_64/imt_sdk_win_64/winavr/bin/../lib/gcc/avr/4.3.3/avr5\libgcc.a(_addsub_sf.o)
 .debug_abbrev  0x00000247      0x21b c:/users/hp/downloads/imt_sdk_win_64/imt_sdk_win_64/winavr/bin/../lib/gcc/avr/4.3.3/avr5\libgcc.a(_mul_sf.o)
 .debug_abbrev  0x00000462      0x216 c:/users/hp/downloads/imt_sdk_win_64/imt_sdk_win_64/winavr/bin/../lib/gcc/avr/4.3.3/avr5\libgcc.a(_div_sf.o)
 .debug_abbrev  0x00000678      0x15a c:/users/hp/downloads/imt_sdk_win_64/imt_sdk_win_64/winavr/bin/../lib/gcc/avr/4.3.3/avr5\libgcc.a(_ge_sf.o)
 .debug_abbrev  0x000007d2      0x17f c:/users/hp/downloads/imt_sdk_win_64/imt_sdk_win_64/winavr/bin/../lib/gcc/avr/4.3.3/avr5\libgcc.a(_sf_to_si.o)
 .debug_abbrev  0x00000951       0xad c:/users/hp/downloads/imt_sdk_win_64/imt_sdk_win_64/winavr/bin/../lib/gcc/avr/4.3.3/avr5\libgcc.a(_thenan_sf.o)
 .debug_abbrev  0x000009fe      0x157 c:/users/hp/downloads/imt_sdk_win_64/imt_sdk_win_64/winavr/bin/../lib/gcc/avr/4.3.3/avr5\libgcc.a(_usi_to_sf.o)
 .debug_abbrev  0x00000b55       0xc4 c:/users/hp/downloads/imt_sdk_win_64/imt_sdk_win_64/winavr/bin/../lib/gcc/avr/4.3.3/avr5\libgcc.a(_clzsi2.o)
 .debug_abbrev  0x00000c19      0x1c0 c:/users/hp/downloads/imt_sdk_win_64/imt_sdk_win_64/winavr/bin/../lib/gcc/avr/4.3.3/avr5\libgcc.a(_pack_sf.o)
 .debug_abbrev  0x00000dd9      0x154 c:/users/hp/downloads/imt_sdk_win_64/imt_sdk_win_64/winavr/bin/../lib/gcc/avr/4.3.3/avr5\libgcc.a(_unpack_sf.o)
 .debug_abbrev  0x00000f2d      0x13b c:/users/hp/downloads/imt_sdk_win_64/imt_sdk_win_64/winavr/bin/../lib/gcc/avr/4.3.3/avr5\libgcc.a(_fpcmp_parts_sf.o)
 .debug_abbrev  0x00001068       0x6a c:/users/hp/downloads/imt_sdk_win_64/imt_sdk_win_64/winavr/bin/../lib/gcc/avr/4.3.3/avr5\libgcc.a(_clz.o)

.debug_line     0x00000000     0x1030
 *(.debug_line)
 .debug_line    0x00000000       0xa7 c:/users/hp/downloads/imt_sdk_win_64/imt_sdk_win_64/winavr/bin/../lib/gcc/avr/4.3.3/avr5\libgcc.a(_fixunssfsi.o)
 .debug_line    0x000000a7      0x2af c:/users/hp/downloads/imt_sdk_win_64/imt_sdk_win_64/winavr/bin/../lib/gcc/avr/4.3.3/avr5\libgcc.a(_addsub_sf.o)
 .debug_line    0x00000356      0x239 c:/users/hp/downloads/imt_sdk_win_64/imt_sdk_win_64/winavr/bin/../lib/gcc/avr/4.3.3/avr5\libgcc.a(_mul_sf.o)
 .debug_line    0x0000058f      0x1d5 c:/users/hp/downloads/imt_sdk_win_64/imt_sdk_win_64/winavr/bin/../lib/gcc/avr/4.3.3/avr5\libgcc.a(_div_sf.o)
 .debug_line    0x00000764       0xd3 c:/users/hp/downloads/imt_sdk_win_64/imt_sdk_win_64/winavr/bin/../lib/gcc/avr/4.3.3/avr5\libgcc.a(_ge_sf.o)
 .debug_line    0x00000837      0x109 c:/users/hp/downloads/imt_sdk_win_64/imt_sdk_win_64/winavr/bin/../lib/gcc/avr/4.3.3/avr5\libgcc.a(_sf_to_si.o)
 .debug_line    0x00000940       0x90 c:/users/hp/downloads/imt_sdk_win_64/imt_sdk_win_64/winavr/bin/../lib/gcc/avr/4.3.3/avr5\libgcc.a(_thenan_sf.o)
 .debug_line    0x000009d0      0x133 c:/users/hp/downloads/imt_sdk_win_64/imt_sdk_win_64/winavr/bin/../lib/gcc/avr/4.3.3/avr5\libgcc.a(_usi_to_sf.o)
 .debug_line    0x00000b03       0xa5 c:/users/hp/downloads/imt_sdk_win_64/imt_sdk_win_64/winavr/bin/../lib/gcc/avr/4.3.3/avr5\libgcc.a(_clzsi2.o)
 .debug_line    0x00000ba8      0x18a c:/users/hp/downloads/imt_sdk_win_64/imt_sdk_win_64/winavr/bin/../lib/gcc/avr/4.3.3/avr5\libgcc.a(_pack_sf.o)
 .debug_line    0x00000d32      0x14b c:/users/hp/downloads/imt_sdk_win_64/imt_sdk_win_64/winavr/bin/../lib/gcc/avr/4.3.3/avr5\libgcc.a(_unpack_sf.o)
 .debug_line    0x00000e7d      0x137 c:/users/hp/downloads/imt_sdk_win_64/imt_sdk_win_64/winavr/bin/../lib/gcc/avr/4.3.3/avr5\libgcc.a(_fpcmp_parts_sf.o)
 .debug_line    0x00000fb4       0x7c c:/users/hp/downloads/imt_sdk_win_64/imt_sdk_win_64/winavr/bin/../lib/gcc/avr/4.3.3/avr5\libgcc.a(_clz.o)

.debug_frame    0x00000000      0x180
 *(.debug_frame)
 .debug_frame   0x00000000       0x20 c:/users/hp/downloads/imt_sdk_win_64/imt_sdk_win_64/winavr/bin/../lib/gcc/avr/4.3.3/avr5\libgcc.a(_fixunssfsi.o)
 .debug_frame   0x00000020       0x40 c:/users/hp/downloads/imt_sdk_win_64/imt_sdk_win_64/winavr/bin/../lib/gcc/avr/4.3.3/avr5\libgcc.a(_addsub_sf.o)
 .debug_frame   0x00000060       0x20 c:/users/hp/downloads/imt_sdk_win_64/imt_sdk_win_64/winavr/bin/../lib/gcc/avr/4.3.3/avr5\libgcc.a(_mul_sf.o)
 .debug_frame   0x00000080       0x20 c:/users/hp/downloads/imt_sdk_win_64/imt_sdk_win_64/winavr/bin/../lib/gcc/avr/4.3.3/avr5\libgcc.a(_div_sf.o)
 .debug_frame   0x000000a0       0x20 c:/users/hp/downloads/imt_sdk_win_64/imt_sdk_win_64/winavr/bin/../lib/gcc/avr/4.3.3/avr5\libgcc.a(_ge_sf.o)
 .debug_frame   0x000000c0       0x20 c:/users/hp/downloads/imt_sdk_win_64/imt_sdk_win_64/winavr/bin/../lib/gcc/avr/4.3.3/avr5\libgcc.a(_sf_to_si.o)
 .debug_frame   0x000000e0       0x20 c:/users/hp/downloads/imt_sdk_win_64/imt_sdk_win_64/winavr/bin/../lib/gcc/avr/4.3.3/avr5\libgcc.a(_usi_to_sf.o)
 .debug_frame   0x00000100       0x20 c:/users/hp/downloads/imt_sdk_win_64/imt_sdk_win_64/winavr/bin/../lib/gcc/avr/4.3.3/avr5\libgcc.a(_clzsi2.o)
 .debug_frame   0x00000120       0x20 c:/users/hp/downloads/imt_sdk_win_64/imt_sdk_win_64/winavr/bin/../lib/gcc/avr/4.3.3/avr5\libgcc.a(_pack_sf.o)
 .debug_frame   0x00000140       0x20 c:/users/hp/downloads/imt_sdk_win_64/imt_sdk_win_64/winavr/bin/../lib/gcc/avr/4.3.3/avr5\libgcc.a(_unpack_sf.o)
 .debug_frame   0x00000160       0x20 c:/users/hp/downloads/imt_sdk_win_64/imt_sdk_win_64/winavr/bin/../lib/gcc/avr/4.3.3/avr5\libgcc.a(_fpcmp_parts_sf.o)

.debug_str      0x00000000      0x2e6
 *(.debug_str)
 .debug_str     0x00000000       0xbf c:/users/hp/downloads/imt_sdk_win_64/imt_sdk_win_64/winavr/bin/../lib/gcc/avr/4.3.3/avr5\libgcc.a(_fixunssfsi.o)
                                 0xfe (size before relaxing)
 .debug_str     0x000000bf      0x14d c:/users/hp/downloads/imt_sdk_win_64/imt_sdk_win_64/winavr/bin/../lib/gcc/avr/4.3.3/avr5\libgcc.a(_addsub_sf.o)
                                0x206 (size before relaxing)
 .debug_str     0x0000020c       0x27 c:/users/hp/downloads/imt_sdk_win_64/imt_sdk_win_64/winavr/bin/../lib/gcc/avr/4.3.3/avr5\libgcc.a(_mul_sf.o)
                                0x1bf (size before relaxing)
 .debug_str     0x00000233       0x35 c:/users/hp/downloads/imt_sdk_win_64/imt_sdk_win_64/winavr/bin/../lib/gcc/avr/4.3.3/avr5\libgcc.a(_div_sf.o)
                                0x1c8 (size before relaxing)
 .debug_str     0x00000268        0x8 c:/users/hp/downloads/imt_sdk_win_64/imt_sdk_win_64/winavr/bin/../lib/gcc/avr/4.3.3/avr5\libgcc.a(_ge_sf.o)
                                0x195 (size before relaxing)
 .debug_str     0x00000270        0xa c:/users/hp/downloads/imt_sdk_win_64/imt_sdk_win_64/winavr/bin/../lib/gcc/avr/4.3.3/avr5\libgcc.a(_sf_to_si.o)
                                0x19e (size before relaxing)
 .debug_str     0x00000000      0x103 c:/users/hp/downloads/imt_sdk_win_64/imt_sdk_win_64/winavr/bin/../lib/gcc/avr/4.3.3/avr5\libgcc.a(_thenan_sf.o)
 .debug_str     0x0000027a       0x21 c:/users/hp/downloads/imt_sdk_win_64/imt_sdk_win_64/winavr/bin/../lib/gcc/avr/4.3.3/avr5\libgcc.a(_usi_to_sf.o)
                                0x177 (size before relaxing)
 .debug_str     0x0000029b       0x20 c:/users/hp/downloads/imt_sdk_win_64/imt_sdk_win_64/winavr/bin/../lib/gcc/avr/4.3.3/avr5\libgcc.a(_clzsi2.o)
                                0x111 (size before relaxing)
 .debug_str     0x000002bb       0x10 c:/users/hp/downloads/imt_sdk_win_64/imt_sdk_win_64/winavr/bin/../lib/gcc/avr/4.3.3/avr5\libgcc.a(_pack_sf.o)
                                0x19d (size before relaxing)
 .debug_str     0x000002cb        0xb c:/users/hp/downloads/imt_sdk_win_64/imt_sdk_win_64/winavr/bin/../lib/gcc/avr/4.3.3/avr5\libgcc.a(_unpack_sf.o)
                                0x17f (size before relaxing)
 .debug_str     0x000002d6       0x10 c:/users/hp/downloads/imt_sdk_win_64/imt_sdk_win_64/winavr/bin/../lib/gcc/avr/4.3.3/avr5\libgcc.a(_fpcmp_parts_sf.o)
                                0x163 (size before relaxing)
 .debug_str     0x00000000       0xf4 c:/users/hp/downloads/imt_sdk_win_64/imt_sdk_win_64/winavr/bin/../lib/gcc/avr/4.3.3/avr5\libgcc.a(_clz.o)

.debug_loc      0x00000000      0x8f6
 *(.debug_loc)
 .debug_loc     0x00000000       0x34 c:/users/hp/downloads/imt_sdk_win_64/imt_sdk_win_64/winavr/bin/../lib/gcc/avr/4.3.3/avr5\libgcc.a(_fixunssfsi.o)
 .debug_loc     0x00000034      0x32a c:/users/hp/downloads/imt_sdk_win_64/imt_sdk_win_64/winavr/bin/../lib/gcc/avr/4.3.3/avr5\libgcc.a(_addsub_sf.o)
 .debug_loc     0x0000035e      0x104 c:/users/hp/downloads/imt_sdk_win_64/imt_sdk_win_64/winavr/bin/../lib/gcc/avr/4.3.3/avr5\libgcc.a(_mul_sf.o)
 .debug_loc     0x00000462       0xc0 c:/users/hp/downloads/imt_sdk_win_64/imt_sdk_win_64/winavr/bin/../lib/gcc/avr/4.3.3/avr5\libgcc.a(_div_sf.o)
 .debug_loc     0x00000522       0x3c c:/users/hp/downloads/imt_sdk_win_64/imt_sdk_win_64/winavr/bin/../lib/gcc/avr/4.3.3/avr5\libgcc.a(_ge_sf.o)
 .debug_loc     0x0000055e       0x7e c:/users/hp/downloads/imt_sdk_win_64/imt_sdk_win_64/winavr/bin/../lib/gcc/avr/4.3.3/avr5\libgcc.a(_sf_to_si.o)
 .debug_loc     0x000005dc       0x4c c:/users/hp/downloads/imt_sdk_win_64/imt_sdk_win_64/winavr/bin/../lib/gcc/avr/4.3.3/avr5\libgcc.a(_usi_to_sf.o)
 .debug_loc     0x00000628       0x94 c:/users/hp/downloads/imt_sdk_win_64/imt_sdk_win_64/winavr/bin/../lib/gcc/avr/4.3.3/avr5\libgcc.a(_clzsi2.o)
 .debug_loc     0x000006bc      0x13e c:/users/hp/downloads/imt_sdk_win_64/imt_sdk_win_64/winavr/bin/../lib/gcc/avr/4.3.3/avr5\libgcc.a(_pack_sf.o)
 .debug_loc     0x000007fa       0xac c:/users/hp/downloads/imt_sdk_win_64/imt_sdk_win_64/winavr/bin/../lib/gcc/avr/4.3.3/avr5\libgcc.a(_unpack_sf.o)
 .debug_loc     0x000008a6       0x50 c:/users/hp/downloads/imt_sdk_win_64/imt_sdk_win_64/winavr/bin/../lib/gcc/avr/4.3.3/avr5\libgcc.a(_fpcmp_parts_sf.o)

.debug_macinfo
 *(.debug_macinfo)
OUTPUT(COTS.elf elf32-avr)
LOAD linker stubs

.debug_ranges   0x00000000       0x50
 .debug_ranges  0x00000000       0x50 c:/users/hp/downloads/imt_sdk_win_64/imt_sdk_win_64/winavr/bin/../lib/gcc/avr/4.3.3/avr5\libgcc.a(_mul_sf.o)
